
> nextn@0.1.0 build
> next build

uncaughtException [Error: EACCES: permission denied, open '/home/feli/Acrobaticz rental/AV-RENTALS/.next/trace'] {
  errno: -13,
  code: 'EACCES',
  syscall: 'open',
  path: '/home/feli/Acrobaticz rental/AV-RENTALS/.next/trace'
}
